// 重构日志: c4ce45c2
// 同步 ID: 07d15510 @ Tue Jul 28 08:10:14 UTC 2026
// 重构日志: a3098c5c
// 重构日志: a8a0f8b0
// 同步 ID: 63dd6c3c @ Wed Jul 29 04:53:17 UTC 2026
// 同步 ID: ce97c115 @ Wed Jul 29 13:57:26 UTC 2026
// 重构日志: 2d10de5a
// 同步 ID: c516246c @ Thu Jul 30 11:01:14 UTC 2026
// 重构日志: 6c468068
// 重构日志: e2f91864
// 重构日志: 9942ac96
// 重构日志: 881eceee
// 重构日志: 2df415d1
// 重构日志: 7ae587c3
// 同步 ID: 24eb4aa7 @ Mon Aug  3 15:42:34 UTC 2026
// 重构日志: a0d3579c
// 重构日志: 744bbfb6
// 同步 ID: e57fd36f @ Tue Aug  4 10:22:57 UTC 2026
// 重构日志: c4196772
// 重构日志: 652fcab1
// 重构日志: 593fe121
// 重构日志: 962c2228
// 重构日志: ddd08e2a
// 同步 ID: 44a27e6e @ Fri Aug  7 10:37:29 UTC 2026
// 重构日志: 27aca34e
// 重构日志: f54b4f55
// 重构日志: f3b80965
// 重构日志: f19c24e4
// 重构日志: 8320c85e
// 同步 ID: b1503058 @ Sat Aug  8 12:24:28 UTC 2026
